[2025-12-31 21:22:30.116] [puff::index::jointLog] [info] Running fixFasta
[2025-12-31 21:22:30.187] [puff::index::jointLog] [info] Replaced 0 non-ATCG nucleotides
[2025-12-31 21:22:30.187] [puff::index::jointLog] [info] Clipped poly-A tails from 0 transcripts
[2025-12-31 21:22:30.200] [puff::index::jointLog] [info] Filter size not provided; estimating from number of distinct k-mers
[2025-12-31 21:22:30.206] [puff::index::jointLog] [info] ntHll estimated 47273 distinct k-mers, setting filter size to 2^20
[2025-12-31 21:22:30.268] [puff::index::jointLog] [info] Starting the Pufferfish indexing by reading the GFA binary file.
[2025-12-31 21:22:30.268] [puff::index::jointLog] [info] Setting the index/BinaryGfa directory salmon_index
[2025-12-31 21:22:30.272] [puff::index::jointLog] [info] Done wrapping the rank vector with a rank9sel structure.
[2025-12-31 21:22:30.273] [puff::index::jointLog] [info] contig count for validation: 4
[2025-12-31 21:22:30.274] [puff::index::jointLog] [info] Total # of Contigs : 4
[2025-12-31 21:22:30.274] [puff::index::jointLog] [info] Total # of numerical Contigs : 4
[2025-12-31 21:22:30.274] [puff::index::jointLog] [info] Total # of contig vec entries: 7
[2025-12-31 21:22:30.274] [puff::index::jointLog] [info] bits per offset entry 3
[2025-12-31 21:22:30.274] [puff::index::jointLog] [info] Done constructing the contig vector. 5
[2025-12-31 21:22:30.276] [puff::index::jointLog] [info] # segments = 4
[2025-12-31 21:22:30.276] [puff::index::jointLog] [info] total length = 134
[2025-12-31 21:22:30.277] [puff::index::jointLog] [info] Reading the reference files ...
[2025-12-31 21:22:30.279] [puff::index::jointLog] [info] positional integer width = 8
[2025-12-31 21:22:30.279] [puff::index::jointLog] [info] seqSize = 134
[2025-12-31 21:22:30.279] [puff::index::jointLog] [info] rankSize = 134
[2025-12-31 21:22:30.279] [puff::index::jointLog] [info] edgeVecSize = 0
[2025-12-31 21:22:30.279] [puff::index::jointLog] [info] num keys = 14
[2025-12-31 21:22:30.304] [puff::index::jointLog] [info] mphf size = 0.000762939 MB
[2025-12-31 21:22:30.305] [puff::index::jointLog] [info] chunk size = 134
[2025-12-31 21:22:30.306] [puff::index::jointLog] [info] chunk 0 = [0, 104)
[2025-12-31 21:22:30.306] [puff::index::jointLog] [info] finished populating pos vector
[2025-12-31 21:22:30.306] [puff::index::jointLog] [info] writing index components
[2025-12-31 21:22:30.311] [puff::index::jointLog] [info] finished writing dense pufferfish index
