Version Info: ### PLEASE UPGRADE SALMON ###
### A newer version of salmon with important bug fixes and improvements is available. ####
###
The newest version, available at https://github.com/COMBINE-lab/salmon/releases
contains new features, improvements, and bug fixes; please upgrade at your
earliest convenience.
###
Sign up for the salmon mailing list to hear about new versions, features and updates at:
https://oceangenomics.com/subscribe
### salmon (selective-alignment-based) v1.9.0
### [ program ] => salmon 
### [ command ] => quant 
### [ index ] => { salmon_index }
### [ libType ] => { A }
### [ mates1 ] => { S1_R1.trim.fastq.gz }
### [ mates2 ] => { S1_R2.trim.fastq.gz }
### [ threads ] => { 4 }
### [ output ] => { S1.quant }
Logs will be written to S1.quant/logs
-----------------------------------------
| Loading contig table | Time = 1.3407 ms
-----------------------------------------
size = 5
-----------------------------------------
| Loading contig offsets | Time = 615.12 us
-----------------------------------------
-----------------------------------------
| Loading reference lengths | Time = 57.833 us
-----------------------------------------
-----------------------------------------
| Loading mphf table | Time = 1.0846 ms
-----------------------------------------
size = 134
Number of ones: 4
Number of ones per inventory item: 512
Inventory entries filled: 1
-----------------------------------------
| Loading contig boundaries | Time = 2.0668 ms
-----------------------------------------
size = 134
-----------------------------------------
| Loading sequence | Time = 731.21 us
-----------------------------------------
size = 14
-----------------------------------------
| Loading positions | Time = 341.46 us
-----------------------------------------
size = 77
-----------------------------------------
| Loading reference sequence | Time = 302.67 us
-----------------------------------------
-----------------------------------------
| Loading reference accumulative lengths | Time = 57.458 us
-----------------------------------------
[2026-01-01 19:25:53.352] [jointLog] [info] setting maxHashResizeThreads to 4
[2026-01-01 19:25:53.354] [jointLog] [info] Fragment incompatibility prior below threshold.  Incompatible fragments will be ignored.
[2026-01-01 19:25:53.354] [jointLog] [info] Usage of --validateMappings implies use of minScoreFraction. Since not explicitly specified, it is being set to 0.65
[2026-01-01 19:25:53.354] [jointLog] [info] Setting consensusSlack to selective-alignment default of 0.35.
[2026-01-01 19:25:53.354] [jointLog] [info] parsing read library format
[2026-01-01 19:25:53.355] [jointLog] [info] There is 1 library.
[2026-01-01 19:25:53.359] [jointLog] [info] Loading pufferfish index
[2026-01-01 19:25:53.359] [jointLog] [info] Loading dense pufferfish index.
[2026-01-01 19:25:53.370] [jointLog] [info] done
Exception : [
The following errors were detected with the read files
======================================================
ERROR: file [S1_R1.trim.fastq.gz] appears to be empty (i.e. it has size 0).  This is likely an error. Please re-run salmon with a corrected input file.

]
salmon quant was invoked improperly.
For usage information, try salmon quant --help
Exiting.
