Version Info: ### PLEASE UPGRADE SALMON ###
### A newer version of salmon with important bug fixes and improvements is available. ####
###
The newest version, available at https://github.com/COMBINE-lab/salmon/releases
contains new features, improvements, and bug fixes; please upgrade at your
earliest convenience.
###
Sign up for the salmon mailing list to hear about new versions, features and updates at:
https://oceangenomics.com/subscribe
### salmon (selective-alignment-based) v1.9.0
### [ program ] => salmon 
### [ command ] => quant 
### [ index ] => { salmon_index }
### [ libType ] => { A }
### [ mates1 ] => { S3_R1.trim.fastq.gz }
### [ mates2 ] => { S3_R2.trim.fastq.gz }
### [ threads ] => { 4 }
### [ output ] => { S3.quant }
Logs will be written to S3.quant/logs
-----------------------------------------
| Loading contig table | Time = 1.0094 ms
-----------------------------------------
size = 5
-----------------------------------------
| Loading contig offsets | Time = 872.29 us
-----------------------------------------
-----------------------------------------
| Loading reference lengths | Time = 117.04 us
-----------------------------------------
[2026-01-01 19:24:56.666] [jointLog] [info] setting maxHashResizeThreads to 4
[2026-01-01 19:24:56.667] [jointLog] [info] Fragment incompatibility prior below threshold.  Incompatible fragments will be ignored.
[2026-01-01 19:24:56.667] [jointLog] [info] Usage of --validateMappings implies use of minScoreFraction. Since not explicitly specified, it is being set to 0.65
[2026-01-01 19:24:56.667] [jointLog] [info] Setting consensusSlack to selective-alignment default of 0.35.
[2026-01-01 19:24:56.667] [jointLog] [info] parsing read library format
[2026-01-01 19:24:56.670] [jointLog] [info] There is 1 library.
[2026-01-01 19:24:56.679] [jointLog] [info] Loading pufferfish index
[2026-01-01 19:24:56.681] [jointLog] [info] Loading dense pufferfish index.
-----------------------------------------
| Loading mphf table | Time = 1.164 ms
-----------------------------------------
size = 134
Number of ones: 4
Number of ones per inventory item: 512
Inventory entries filled: 1
-----------------------------------------
| Loading contig boundaries | Time = 3.3662 ms
-----------------------------------------
size = 134
-----------------------------------------
| Loading sequence | Time = 702.83 us
-----------------------------------------
size = 14
-----------------------------------------
| Loading positions | Time = 607.12 us
-----------------------------------------
size = 77
-----------------------------------------
| Loading reference sequence | Time = 478.67 us
-----------------------------------------
-----------------------------------------
| Loading reference accumulative lengths | Time = 102.25 us
-----------------------------------------
[2026-01-01 19:24:56.694] [jointLog] [info] done
Exception : [
The following errors were detected with the read files
======================================================
ERROR: file [S3_R1.trim.fastq.gz] appears to be empty (i.e. it has size 0).  This is likely an error. Please re-run salmon with a corrected input file.

]
salmon quant was invoked improperly.
For usage information, try salmon quant --help
Exiting.
