WARNING: The requested image's platform (linux/amd64) does not match the detected host platform (linux/arm64/v8) and no specific platform was requested
Read1 before filtering:
total reads: 1
total bases: 12
Q20 bases: 12(100%)
Q30 bases: 12(100%)

Read2 before filtering:
total reads: 1
total bases: 12
Q20 bases: 12(100%)
Q30 bases: 12(100%)

Read1 after filtering:
total reads: 0
total bases: 0
Q20 bases: 0(nan%)
Q30 bases: 0(nan%)

Read2 after filtering:
total reads: 0
total bases: 0
Q20 bases: 0(nan%)
Q30 bases: 0(nan%)

Filtering result:
reads passed filter: 0
reads failed due to low quality: 0
reads failed due to too many N: 0
reads failed due to too short: 2
reads with adapter trimmed: 0
bases trimmed due to adapters: 0

Duplication rate: 0%

Insert size peak (evaluated by paired-end reads): 0

JSON report: S3.fastp.json
HTML report: S3.fastp.html

fastp -i S3_R1.fastq.gz -I S3_R2.fastq.gz -o S3_R1.trim.fastq.gz -O S3_R2.trim.fastq.gz -h S3.fastp.html -j S3.fastp.json 
fastp v0.23.4, time used: 0 seconds
