Threads = 2
Vertex length = 31
Hash functions = 5
Filter size = 1048576
Capacity = 2
Files: 
salmon_index/ref_k31_fixed.fa
--------------------------------------------------------------------------------
Round 0, 0:1048576
Pass	Filling	Filtering
1	0	0	
2	0	0
True junctions count = 1
False junctions count = 3
Hash table size = 4
Candidate marks count = 6
--------------------------------------------------------------------------------
Reallocating bifurcations time: 0
True marks count: 6
Edges construction time: 0
--------------------------------------------------------------------------------
Distinct junctions = 1

for info, total work write each  : 2.307    total work inram from level 3 : 4.273  total work raw : 25.000 
Bitarray            6400  bits (100.00 %)   (array + ranks )
final hash             0  bits (0.00 %) (nb in final hash 0)
